mock control plane on :4600
GET /api/admin/ops auth_valid=true
GET /api/admin/ops auth_valid=true
GET /api/admin/boxes?days=7 auth_valid=true
GET /api/admin/timeseries?days=7 auth_valid=true
GET /api/admin/deployments?limit=1 auth_valid=true
GET /api/admin/create?days=1 auth_valid=true
GET /api/admin/users auth_valid=true
GET /api/admin/ops auth_valid=true
GET /api/admin/boxes?days=7 auth_valid=true
GET /api/admin/timeseries?days=7 auth_valid=true
GET /api/admin/deployments?limit=1 auth_valid=true
GET /api/admin/create?days=1 auth_valid=true
GET /api/admin/users auth_valid=true
GET /api/admin/deployments?limit=200 auth_valid=true
GET /api/admin/fleet/releases auth_valid=true
GET /api/admin/fleet/sync auth_valid=true
GET /api/admin/boxes?days=30 auth_valid=true
GET /api/admin/timeseries?days=7&series=builds,dev_releases,publishes auth_valid=true
GET /api/admin/users auth_valid=true
GET /api/admin/deployments?limit=200 auth_valid=true
GET /api/admin/fleet/releases auth_valid=true
GET /api/admin/fleet/sync auth_valid=true
GET /api/admin/boxes?days=30 auth_valid=true
GET /api/admin/timeseries?days=7&series=builds,dev_releases,publishes auth_valid=true
GET /api/admin/users auth_valid=true
GET /api/admin/deployments?limit=200 auth_valid=true
GET /api/admin/fleet/releases auth_valid=true
GET /api/admin/fleet/sync auth_valid=true
GET /api/admin/boxes?days=30 auth_valid=true
GET /api/admin/timeseries?days=7&series=builds,dev_releases,publishes auth_valid=true
GET /api/admin/users auth_valid=true
POST /api/admin/create/apps/alice-tour/dev auth_valid=true
  body {"action":"revoke"}
  create app alice-tour revoke -> dev=— status=published
GET /api/admin/deployments?limit=200 auth_valid=true
GET /api/admin/fleet/releases auth_valid=true
GET /api/admin/fleet/sync auth_valid=true
GET /api/admin/boxes?days=30 auth_valid=true
GET /api/admin/timeseries?days=7&series=builds,dev_releases,publishes auth_valid=true
GET /api/admin/users auth_valid=true
GET /api/admin/deployments?limit=200 auth_valid=true
GET /api/admin/fleet/releases auth_valid=true
GET /api/admin/fleet/sync auth_valid=true
GET /api/admin/boxes?days=30 auth_valid=true
GET /api/admin/timeseries?days=7&series=builds,dev_releases,publishes auth_valid=true
GET /api/admin/users auth_valid=true
GET /api/admin/create?days=7 auth_valid=true
GET /api/admin/create?days=7 auth_valid=true
GET /api/admin/tokens?days=30&group=stage auth_valid=true
GET /api/admin/create?days=30 auth_valid=true
GET /api/admin/tokens?days=30&group=stage auth_valid=true
GET /api/admin/create?days=30 auth_valid=true
GET /api/admin/tokens?days=30&group=provider auth_valid=true
GET /api/admin/tokens?days=30&group=provider auth_valid=true
GET /api/admin/fleet/releases auth_valid=true
GET /api/admin/fleet/channels auth_valid=true
GET /api/admin/fleet/sync auth_valid=true
GET /api/admin/boxes?days=30 auth_valid=true
GET /api/admin/settings auth_valid=true
GET /api/admin/fleet/releases auth_valid=true
GET /api/admin/fleet/channels auth_valid=true
GET /api/admin/fleet/sync auth_valid=true
GET /api/admin/boxes?days=30 auth_valid=true
GET /api/admin/settings auth_valid=true
